/home/ferminv/Universidad/DecSemestre/DSP/Tp1/DSP_Tp1_Muestreo/Tp1_Muestreo/CMSIS/core_cm4.h:1679:22:__NVIC_EnableIRQ	16	static
/home/ferminv/Universidad/DecSemestre/DSP/Tp1/DSP_Tp1_Muestreo/Tp1_Muestreo/drivers/fsl_common_arm.h:499:24:EnableIRQ	24	static
/home/ferminv/Universidad/DecSemestre/DSP/Tp1/DSP_Tp1_Muestreo/Tp1_Muestreo/drivers/fsl_gpio.h:191:20:GPIO_PortSet	16	static
/home/ferminv/Universidad/DecSemestre/DSP/Tp1/DSP_Tp1_Muestreo/Tp1_Muestreo/drivers/fsl_gpio.h:206:20:GPIO_PortClear	16	static
/home/ferminv/Universidad/DecSemestre/DSP/Tp1/DSP_Tp1_Muestreo/Tp1_Muestreo/drivers/fsl_port.h:443:20:PORT_SetPinInterruptConfig	24	static
/home/ferminv/Universidad/DecSemestre/DSP/Tp1/DSP_Tp1_Muestreo/Tp1_Muestreo/drivers/fsl_pit.h:207:24:PIT_GetStatusFlags	16	static
/home/ferminv/Universidad/DecSemestre/DSP/Tp1/DSP_Tp1_Muestreo/Tp1_Muestreo/drivers/fsl_pit.h:220:20:PIT_ClearStatusFlags	24	static
/home/ferminv/Universidad/DecSemestre/DSP/Tp1/DSP_Tp1_Muestreo/Tp1_Muestreo/drivers/fsl_pit.h:246:20:PIT_SetTimerPeriod	24	static
/home/ferminv/Universidad/DecSemestre/DSP/Tp1/DSP_Tp1_Muestreo/Tp1_Muestreo/drivers/fsl_dac.h:187:20:DAC_Enable	16	static
/home/ferminv/Universidad/DecSemestre/DSP/Tp1/DSP_Tp1_Muestreo/Tp1_Muestreo/drivers/fsl_adc16.h:491:24:ADC16_GetChannelConversionValue	16	static
../source/Tp1_Muestreo.c:76:6:initBuffers	8	static
../source/Tp1_Muestreo.c:90:7:BufferRead	16	static
../source/Tp1_Muestreo.c:100:6:BufferWrite	16	static
../source/Tp1_Muestreo.c:110:1:setNextMode	8	static
../source/Tp1_Muestreo.c:123:6:setNextFrec	8	static
../source/Tp1_Muestreo.c:136:6:ConfigLeds	16	static
../source/Tp1_Muestreo.c:144:6:ConfigSW	16	static
../source/Tp1_Muestreo.c:157:6:ConfigDAC	16	static
../source/Tp1_Muestreo.c:166:6:setLedColor	16	static
../source/Tp1_Muestreo.c:209:6:delay	16	static
../source/Tp1_Muestreo.c:222:6:PIT0_IRQHandler	16	static
../source/Tp1_Muestreo.c:258:5:main	8	static
../source/Tp1_Muestreo.c:297:6:PORTC_IRQHandler	8	static
../source/Tp1_Muestreo.c:309:6:PORTA_IRQHandler	8	static
